
Memory Configuration

Name             Origin             Length             Attributes
FLASH            0x08000000         0x00020000         xr
SRAM             0x20000000         0x00005000         xrw
*default*        0x00000000         0xffffffff

Linker script and memory map


.text           0x08000000      0x15c
 *(.vectors*)
 .vectors       0x08000000       0x1c startup.o
                0x08000000                vectors
 *(.text)
 .text          0x0800001c       0xbc startup.o
                0x0800001c                Reset_Handler
                0x080000cc                MM_Fault_Handler
                0x080000cc                Bus_Fault_Handler
                0x080000cc                Default_Handler
                0x080000cc                Usage_Fault_Handler
                0x080000cc                Hard_Fault_Handler
                0x080000cc                NMI_Handler
 .text          0x080000d8       0x84 main.o
                0x080000d8                main
                0x0800015c                . = ALIGN (0x4)
                0x0800015c                _E_text = .

.glue_7         0x0800015c        0x0
 .glue_7        0x00000000        0x0 linker stubs

.glue_7t        0x0800015c        0x0
 .glue_7t       0x00000000        0x0 linker stubs

.vfp11_veneer   0x0800015c        0x0
 .vfp11_veneer  0x00000000        0x0 linker stubs

.v4_bx          0x0800015c        0x0
 .v4_bx         0x00000000        0x0 linker stubs

.iplt           0x0800015c        0x0
 .iplt          0x00000000        0x0 startup.o

.rel.dyn        0x0800015c        0x0
 .rel.iplt      0x00000000        0x0 startup.o

.data           0x20000000        0x0 load address 0x0800015c
                0x20000000                . = ALIGN (0x4)
                0x20000000                _S_data = .
 *(.data*)
 .data          0x20000000        0x0 startup.o
 .data          0x20000000        0x0 main.o
                0x20000000                . = ALIGN (0x4)
                0x20000000                _E_data = .

.igot.plt       0x20000000        0x0 load address 0x0800015c
 .igot.plt      0x00000000        0x0 startup.o

.rodata         0x0800015c        0x0
                0x0800015c                . = ALIGN (0x4)
                0x0800015c                _S_rodata = .
 *(.rodata*)
                0x0800015c                . = ALIGN (0x4)
                0x0800015c                _E_rodata = .

.bss            0x20000000        0x0
                0x20000000                . = ALIGN (0x4)
                0x20000000                _S_bss = .
 *(.bss*)
 .bss           0x20000000        0x0 startup.o
 .bss           0x20000000        0x0 main.o
                0x20000000                . = ALIGN (0x4)
 *(COMMON*)
                0x20000000                . = ALIGN (0x4)
                0x20000000                _E_bss = .
                0x20000000                . = ALIGN (0x4)
                0x20001000                . = (. + 0x1000)
                0x20001000                _stack_top = .
LOAD startup.o
LOAD main.o
OUTPUT(final_cortex_m3.elf elf32-littlearm)

.debug_info     0x00000000      0x222
 .debug_info    0x00000000      0x182 startup.o
 .debug_info    0x00000182       0xa0 main.o

.debug_abbrev   0x00000000      0x134
 .debug_abbrev  0x00000000       0xcb startup.o
 .debug_abbrev  0x000000cb       0x69 main.o

.debug_loc      0x00000000       0x9c
 .debug_loc     0x00000000       0x64 startup.o
 .debug_loc     0x00000064       0x38 main.o

.debug_aranges  0x00000000       0x40
 .debug_aranges
                0x00000000       0x20 startup.o
 .debug_aranges
                0x00000020       0x20 main.o

.debug_line     0x00000000       0xd7
 .debug_line    0x00000000       0x7b startup.o
 .debug_line    0x0000007b       0x5c main.o

.debug_str      0x00000000      0x141
 .debug_str     0x00000000      0x135 startup.o
                                0x163 (size before relaxing)
 .debug_str     0x00000135        0xc main.o
                                 0xd9 (size before relaxing)

.comment        0x00000000       0x11
 .comment       0x00000000       0x11 startup.o
                                 0x12 (size before relaxing)
 .comment       0x00000000       0x12 main.o

.ARM.attributes
                0x00000000       0x33
 .ARM.attributes
                0x00000000       0x33 startup.o
 .ARM.attributes
                0x00000033       0x33 main.o

.debug_frame    0x00000000       0x78
 .debug_frame   0x00000000       0x4c startup.o
 .debug_frame   0x0000004c       0x2c main.o
