
Memory Configuration

Name             Origin             Length             Attributes
FLASH            0x08000000         0x00020000         xr
SRAM             0x20000000         0x00005000         xrw
*default*        0x00000000         0xffffffff

Linker script and memory map


.text           0x08000000      0x22c
 *(.vectors*)
 .vectors       0x08000000       0x1c startup.o
                0x08000000                vectors
 *(.text)
 .text          0x0800001c       0xbc startup.o
                0x0800001c                Reset_Handler
                0x080000cc                MM_Fault_Handler
                0x080000cc                Bus_Fault_Handler
                0x080000cc                Default_Handler
                0x080000cc                Usage_Fault_Handler
                0x080000cc                Hard_Fault_Handler
                0x080000cc                NMI_Handler
 .text          0x080000d8       0x48 main.o
                0x080000d8                main
 .text          0x08000120      0x10c driver.o
                0x08000120                Delay
                0x08000144                getPressureVal
                0x0800015c                Set_Alarm_actuator
                0x080001ac                GPIO_INITIALIZATION
                0x0800022c                . = ALIGN (0x4)
                0x0800022c                _E_text = .

.glue_7         0x0800022c        0x0
 .glue_7        0x00000000        0x0 linker stubs

.glue_7t        0x0800022c        0x0
 .glue_7t       0x00000000        0x0 linker stubs

.vfp11_veneer   0x0800022c        0x0
 .vfp11_veneer  0x00000000        0x0 linker stubs

.v4_bx          0x0800022c        0x0
 .v4_bx         0x00000000        0x0 linker stubs

.iplt           0x0800022c        0x0
 .iplt          0x00000000        0x0 startup.o

.rel.dyn        0x0800022c        0x0
 .rel.iplt      0x00000000        0x0 startup.o

.data           0x20000000        0x0 load address 0x0800022c
                0x20000000                . = ALIGN (0x4)
                0x20000000                _S_data = .
 *(.data*)
 .data          0x20000000        0x0 startup.o
 .data          0x20000000        0x0 main.o
 .data          0x20000000        0x0 driver.o
                0x20000000                . = ALIGN (0x4)
                0x20000000                _E_data = .

.igot.plt       0x20000000        0x0 load address 0x0800022c
 .igot.plt      0x00000000        0x0 startup.o

.rodata         0x0800022c        0x0
                0x0800022c                . = ALIGN (0x4)
                0x0800022c                _S_rodata = .
 *(.rodata*)
                0x0800022c                . = ALIGN (0x4)
                0x0800022c                _E_rodata = .

.bss            0x20000000        0x0
                0x20000000                . = ALIGN (0x4)
                0x20000000                _S_bss = .
 *(.bss*)
 .bss           0x20000000        0x0 startup.o
 .bss           0x20000000        0x0 main.o
 .bss           0x20000000        0x0 driver.o
                0x20000000                . = ALIGN (0x4)
 *(COMMON*)
                0x20000000                . = ALIGN (0x4)
                0x20000000                _E_bss = .
                0x20000000                . = ALIGN (0x4)
                0x20001000                . = (. + 0x1000)
                0x20001000                _stack_top = .
LOAD startup.o
LOAD main.o
LOAD driver.o
OUTPUT(Pressure_Detection_System.elf elf32-littlearm)

.debug_info     0x00000000      0x332
 .debug_info    0x00000000      0x182 startup.o
 .debug_info    0x00000182       0xad main.o
 .debug_info    0x0000022f      0x103 driver.o

.debug_abbrev   0x00000000      0x1c6
 .debug_abbrev  0x00000000       0xcb startup.o
 .debug_abbrev  0x000000cb       0x5e main.o
 .debug_abbrev  0x00000129       0x9d driver.o

.debug_loc      0x00000000      0x164
 .debug_loc     0x00000000       0x64 startup.o
 .debug_loc     0x00000064       0x38 main.o
 .debug_loc     0x0000009c       0xc8 driver.o

.debug_aranges  0x00000000       0x60
 .debug_aranges
                0x00000000       0x20 startup.o
 .debug_aranges
                0x00000020       0x20 main.o
 .debug_aranges
                0x00000040       0x20 driver.o

.debug_line     0x00000000      0x166
 .debug_line    0x00000000       0x7b startup.o
 .debug_line    0x0000007b       0x52 main.o
 .debug_line    0x000000cd       0x99 driver.o

.debug_str      0x00000000      0x19b
 .debug_str     0x00000000      0x12b startup.o
                                0x159 (size before relaxing)
 .debug_str     0x0000012b       0x1b main.o
                                 0xf8 (size before relaxing)
 .debug_str     0x00000146       0x55 driver.o
                                0x12b (size before relaxing)

.comment        0x00000000       0x11
 .comment       0x00000000       0x11 startup.o
                                 0x12 (size before relaxing)
 .comment       0x00000000       0x12 main.o
 .comment       0x00000000       0x12 driver.o

.ARM.attributes
                0x00000000       0x33
 .ARM.attributes
                0x00000000       0x33 startup.o
 .ARM.attributes
                0x00000033       0x33 main.o
 .ARM.attributes
                0x00000066       0x33 driver.o

.debug_frame    0x00000000       0xf4
 .debug_frame   0x00000000       0x4c startup.o
 .debug_frame   0x0000004c       0x30 main.o
 .debug_frame   0x0000007c       0x78 driver.o
