
Memory Configuration

Name             Origin             Length             Attributes
FLASH            0x08000000         0x00020000         xr
SRAM             0x20000000         0x00005000         xrw
*default*        0x00000000         0xffffffff

Linker script and memory map


.text           0x08000000       0xdc
 *(.vectors*)
 .vectors       0x08000000       0x50 startup.o
 *(.text)
 .text          0x08000050       0x84 main.o
                0x08000050                main
 .text          0x080000d4        0x8 startup.o

.glue_7         0x080000dc        0x0
 .glue_7        0x00000000        0x0 linker stubs

.glue_7t        0x080000dc        0x0
 .glue_7t       0x00000000        0x0 linker stubs

.vfp11_veneer   0x080000dc        0x0
 .vfp11_veneer  0x00000000        0x0 linker stubs

.v4_bx          0x080000dc        0x0
 .v4_bx         0x00000000        0x0 linker stubs

.iplt           0x080000dc        0x0
 .iplt          0x00000000        0x0 main.o

.rel.dyn        0x080000dc        0x0
 .rel.iplt      0x00000000        0x0 main.o

.data           0x20000000        0x0 load address 0x080000dc
 *(.data*)
 .data          0x20000000        0x0 main.o
 .data          0x20000000        0x0 startup.o

.igot.plt       0x20000000        0x0 load address 0x080000dc
 .igot.plt      0x00000000        0x0 main.o

.rodata
 *(.rodata*)

.bss            0x20000000        0x0
 *(.bss*)
 .bss           0x20000000        0x0 main.o
 .bss           0x20000000        0x0 startup.o
 *(COMMON*)
LOAD main.o
LOAD startup.o
OUTPUT(final_cortex_m3.elf elf32-littlearm)

.debug_info     0x00000000      0x114
 .debug_info    0x00000000       0xa0 main.o
 .debug_info    0x000000a0       0x74 startup.o

.debug_abbrev   0x00000000       0x7d
 .debug_abbrev  0x00000000       0x69 main.o
 .debug_abbrev  0x00000069       0x14 startup.o

.debug_loc      0x00000000       0x38
 .debug_loc     0x00000000       0x38 main.o

.debug_aranges  0x00000000       0x40
 .debug_aranges
                0x00000000       0x20 main.o
 .debug_aranges
                0x00000020       0x20 startup.o

.debug_line     0x00000000       0x97
 .debug_line    0x00000000       0x5c main.o
 .debug_line    0x0000005c       0x3b startup.o

.debug_str      0x00000000       0xb2
 .debug_str     0x00000000       0xb2 main.o
                                 0xd9 (size before relaxing)

.comment        0x00000000       0x11
 .comment       0x00000000       0x11 main.o
                                 0x12 (size before relaxing)

.ARM.attributes
                0x00000000       0x31
 .ARM.attributes
                0x00000000       0x33 main.o
 .ARM.attributes
                0x00000033       0x21 startup.o

.debug_frame    0x00000000       0x2c
 .debug_frame   0x00000000       0x2c main.o
